// Jest Snapshot v1, https://goo.gl/fbAQLP

exports[`10101010 1`] = `4`;

exports[`10110000 1`] = `3`;

exports[`11111111 1`] = `8`;
