// Jest Snapshot v1, https://goo.gl/fbAQLP

exports[`186 186 150 200 160 130 197 200 1`] = `0`;
