// Jest Snapshot v1, https://goo.gl/fbAQLP

exports[`A Famous Saying: Much Ado About Nothing (2012/8). 1`] = `"A aaAAbc dFgghh: iimM nNn oooos Sttuuuy (2012/8)."`;

exports[`BabA 1`] = `"aABb"`;

exports[`By?e 1`] = `"Be?y"`;

exports[`Type 1`] = `"epTy"`;
